
> ymd-tech-care@0.0.0 build
> tsc -b && vite build

src/modules/master-data/vendor/pages/VendorList.tsx(66,30): error TS2339: Property 'data' does not exist on type 'VendorListResponse'.
src/modules/master-data/vendor/pages/VendorList.tsx(70,47): error TS7006: Parameter 'v' implicitly has an 'any' type.
src/modules/master-data/vendor/pages/VendorList.tsx(265,46): error TS7006: Parameter 'vendor' implicitly has an 'any' type.
